--------------------------------------------------------------------------------------
Timing Analyzer Summary
--------------------------------------------------------------------------------------

Type           : Worst-case tco
Slack          : N/A
Required Time  : None
Actual Time    : 52.000 ns
From           : row_controller:inst3|part[0]
To             : VGAB
From Clock     : clk
To Clock       : --
Failed Paths   : 0

Type           : Clock Setup: 'clk'
Slack          : N/A
Required Time  : None
Actual Time    : 71.43 MHz ( period = 14.000 ns )
From           : row_controller:inst3|lpm_counter:counter_rtl_1|dffs[3]
To             : row_controller:inst3|part[0]
From Clock     : clk
To Clock       : clk
Failed Paths   : 0

Type           : Clock Setup: 'qd'
Slack          : N/A
Required Time  : None
Actual Time    : 76.92 MHz ( period = 13.000 ns )
From           : mode_selector:inst2|tmp[1]
To             : mode_selector:inst2|tmp[1]
From Clock     : qd
To Clock       : qd
Failed Paths   : 0

Type           : Total number of failed paths
Slack          : 
Required Time  : 
Actual Time    : 
From           : 
To             : 
From Clock     : 
To Clock       : 
Failed Paths   : 0

--------------------------------------------------------------------------------------

