Analysis & Synthesis report for pill_bottle
Fri Jun 02 15:36:16 2023
Quartus II Version 9.1 Build 222 10/21/2009 SJ Full Version


---------------------
; Table of Contents ;
---------------------
  1. Legal Notice
  2. Analysis & Synthesis Summary
  3. Analysis & Synthesis Settings
  4. Parallel Compilation
  5. Analysis & Synthesis Source Files Read
  6. Analysis & Synthesis Resource Usage Summary
  7. Analysis & Synthesis Resource Utilization by Entity
  8. User-Specified and Inferred Latches
  9. Source assignments for total_pills:inst4|lpm_counter:now_total_max_rtl_0
 10. Parameter Settings for Inferred Entity Instance: total_pills:inst4|lpm_counter:now_total_max_rtl_0
 11. Analysis & Synthesis Messages



----------------
; Legal Notice ;
----------------
Copyright (C) 1991-2009 Altera Corporation
Your use of Altera Corporation's design tools, logic functions 
and other software and tools, and its AMPP partner logic 
functions, and any output files from any of the foregoing 
(including device programming or simulation files), and any 
associated documentation or information are expressly subject 
to the terms and conditions of the Altera Program License 
Subscription Agreement, Altera MegaCore Function License 
Agreement, or other applicable license agreement, including, 
without limitation, that your use is for the sole purpose of 
programming logic devices manufactured by Altera and sold by 
Altera or its authorized distributors.  Please refer to the 
applicable agreement for further details.



+------------------------------------------------------------------------+
; Analysis & Synthesis Summary                                           ;
+-----------------------------+------------------------------------------+
; Analysis & Synthesis Status ; Successful - Fri Jun 02 15:36:16 2023    ;
; Quartus II Version          ; 9.1 Build 222 10/21/2009 SJ Full Version ;
; Revision Name               ; pill_bottle                              ;
; Top-level Entity Name       ; pill_bottle                              ;
; Family                      ; MAX7000S                                 ;
; Total macrocells            ; 125                                      ;
; Total pins                  ; 42                                       ;
+-----------------------------+------------------------------------------+


+--------------------------------------------------------------------------------------------------------------+
; Analysis & Synthesis Settings                                                                                ;
+----------------------------------------------------------------------------+-----------------+---------------+
; Option                                                                     ; Setting         ; Default Value ;
+----------------------------------------------------------------------------+-----------------+---------------+
; Device                                                                     ; EPM7128SLC84-15 ;               ;
; Top-level entity name                                                      ; pill_bottle     ; pill_bottle   ;
; Family name                                                                ; MAX7000S        ; Stratix II    ;
; Use Generated Physical Constraints File                                    ; Off             ;               ;
; Use smart compilation                                                      ; Off             ; Off           ;
; Enable parallel Assembler and TimeQuest Timing Analyzer during compilation ; On              ; On            ;
; Enable compact report table                                                ; Off             ; Off           ;
; Create Debugging Nodes for IP Cores                                        ; Off             ; Off           ;
; Preserve fewer node names                                                  ; On              ; On            ;
; Disable OpenCore Plus hardware evaluation                                  ; Off             ; Off           ;
; Verilog Version                                                            ; Verilog_2001    ; Verilog_2001  ;
; VHDL Version                                                               ; VHDL_1993       ; VHDL_1993     ;
; State Machine Processing                                                   ; Auto            ; Auto          ;
; Safe State Machine                                                         ; Off             ; Off           ;
; Extract Verilog State Machines                                             ; On              ; On            ;
; Extract VHDL State Machines                                                ; On              ; On            ;
; Ignore Verilog initial constructs                                          ; Off             ; Off           ;
; Iteration limit for constant Verilog loops                                 ; 5000            ; 5000          ;
; Iteration limit for non-constant Verilog loops                             ; 250             ; 250           ;
; Add Pass-Through Logic to Inferred RAMs                                    ; On              ; On            ;
; Parallel Synthesis                                                         ; On              ; On            ;
; NOT Gate Push-Back                                                         ; On              ; On            ;
; Power-Up Don't Care                                                        ; On              ; On            ;
; Remove Duplicate Registers                                                 ; On              ; On            ;
; Ignore CARRY Buffers                                                       ; Off             ; Off           ;
; Ignore CASCADE Buffers                                                     ; Off             ; Off           ;
; Ignore GLOBAL Buffers                                                      ; Off             ; Off           ;
; Ignore ROW GLOBAL Buffers                                                  ; Off             ; Off           ;
; Ignore LCELL Buffers                                                       ; Auto            ; Auto          ;
; Ignore SOFT Buffers                                                        ; Off             ; Off           ;
; Limit AHDL Integers to 32 Bits                                             ; Off             ; Off           ;
; Optimization Technique                                                     ; Speed           ; Speed         ;
; Allow XOR Gate Usage                                                       ; On              ; On            ;
; Auto Logic Cell Insertion                                                  ; On              ; On            ;
; Parallel Expander Chain Length                                             ; 4               ; 4             ;
; Auto Parallel Expanders                                                    ; On              ; On            ;
; Auto Open-Drain Pins                                                       ; On              ; On            ;
; Auto Resource Sharing                                                      ; Off             ; Off           ;
; Maximum Fan-in Per Macrocell                                               ; 100             ; 100           ;
; Use LogicLock Constraints during Resource Balancing                        ; On              ; On            ;
; Ignore translate_off and synthesis_off directives                          ; Off             ; Off           ;
; Show Parameter Settings Tables in Synthesis Report                         ; On              ; On            ;
; HDL message level                                                          ; Level2          ; Level2        ;
; Suppress Register Optimization Related Messages                            ; Off             ; Off           ;
; Number of Removed Registers Reported in Synthesis Report                   ; 100             ; 100           ;
; Number of Inverted Registers Reported in Synthesis Report                  ; 100             ; 100           ;
; Block Design Naming                                                        ; Auto            ; Auto          ;
; Synthesis Effort                                                           ; Auto            ; Auto          ;
; Shift Register Replacement - Allow Asynchronous Clear Signal               ; On              ; On            ;
; Analysis & Synthesis Message Level                                         ; Medium          ; Medium        ;
; Disable Register Merging Across Hierarchies                                ; Auto            ; Auto          ;
+----------------------------------------------------------------------------+-----------------+---------------+


+------------------------------------------+
; Parallel Compilation                     ;
+----------------------------+-------------+
; Processors                 ; Number      ;
+----------------------------+-------------+
; Number detected on machine ; 4           ;
; Maximum allowed            ; 4           ;
;                            ;             ;
; Average used               ; 1.00        ;
; Maximum used               ; 1           ;
;                            ;             ;
; Usage by Processor         ; % Time Used ;
;     1 processor            ; 100.0%      ;
;     2-4 processors         ;   0.0%      ;
+----------------------------+-------------+


+----------------------------------------------------------------------------------------------------------------------------------------------------------------------+
; Analysis & Synthesis Source Files Read                                                                                                                               ;
+----------------------------------+-----------------+------------------------------------+----------------------------------------------------------------------------+
; File Name with User-Entered Path ; Used in Netlist ; File Type                          ; File Name with Absolute Path                                               ;
+----------------------------------+-----------------+------------------------------------+----------------------------------------------------------------------------+
; signals.vhd                      ; yes             ; User VHDL File                     ; C:/Users/Administrator/Desktop/bottle-6-2/pill_bottle/signals.vhd          ;
; display_selector.vhd             ; yes             ; User VHDL File                     ; C:/Users/Administrator/Desktop/bottle-6-2/pill_bottle/display_selector.vhd ;
; init_set.vhd                     ; yes             ; User VHDL File                     ; C:/Users/Administrator/Desktop/bottle-6-2/pill_bottle/init_set.vhd         ;
; total_pills.vhd                  ; yes             ; User VHDL File                     ; C:/Users/Administrator/Desktop/bottle-6-2/pill_bottle/total_pills.vhd      ;
; bottle_nums.vhd                  ; yes             ; User VHDL File                     ; C:/Users/Administrator/Desktop/bottle-6-2/pill_bottle/bottle_nums.vhd      ;
; single_bottle.vhd                ; yes             ; User VHDL File                     ; C:/Users/Administrator/Desktop/bottle-6-2/pill_bottle/single_bottle.vhd    ;
; pill_bottle.bdf                  ; yes             ; User Block Diagram/Schematic File  ; C:/Users/Administrator/Desktop/bottle-6-2/pill_bottle/pill_bottle.bdf      ;
; lpm_counter.tdf                  ; yes             ; Megafunction                       ; c:/altera/91/quartus/libraries/megafunctions/lpm_counter.tdf               ;
+----------------------------------+-----------------+------------------------------------+----------------------------------------------------------------------------+


+---------------------------------------------+
; Analysis & Synthesis Resource Usage Summary ;
+----------------------+----------------------+
; Resource             ; Usage                ;
+----------------------+----------------------+
; Logic cells          ; 125                  ;
; Total registers      ; 35                   ;
; I/O pins             ; 42                   ;
; Shareable expanders  ; 26                   ;
; Parallel expanders   ; 14                   ;
; Maximum fan-out node ; clr                  ;
; Maximum fan-out      ; 80                   ;
; Total fan-out        ; 1084                 ;
; Average fan-out      ; 5.62                 ;
+----------------------+----------------------+


+---------------------------------------------------------------------------------------------------------------------------------------------+
; Analysis & Synthesis Resource Utilization by Entity                                                                                         ;
+-----------------------------------------+------------+------+----------------------------------------------------------------+--------------+
; Compilation Hierarchy Node              ; Macrocells ; Pins ; Full Hierarchy Name                                            ; Library Name ;
+-----------------------------------------+------------+------+----------------------------------------------------------------+--------------+
; |pill_bottle                            ; 125        ; 42   ; |pill_bottle                                                   ; work         ;
;    |bottle_nums:inst|                   ; 25         ; 0    ; |pill_bottle|bottle_nums:inst                                  ; work         ;
;    |display_selector:inst6|             ; 20         ; 0    ; |pill_bottle|display_selector:inst6                            ; work         ;
;    |init_set:inst1|                     ; 38         ; 0    ; |pill_bottle|init_set:inst1                                    ; work         ;
;    |signals:inst5|                      ; 7          ; 0    ; |pill_bottle|signals:inst5                                     ; work         ;
;    |single_bottle:inst3|                ; 19         ; 0    ; |pill_bottle|single_bottle:inst3                               ; work         ;
;    |total_pills:inst4|                  ; 16         ; 0    ; |pill_bottle|total_pills:inst4                                 ; work         ;
;       |lpm_counter:now_total_max_rtl_0| ; 4          ; 0    ; |pill_bottle|total_pills:inst4|lpm_counter:now_total_max_rtl_0 ; work         ;
+-----------------------------------------+------------+------+----------------------------------------------------------------+--------------+


+--------------------------------------------------------------------------------------------------------------------+
; User-Specified and Inferred Latches                                                                                ;
+-----------------------------------------------------+-------------------------------------+------------------------+
; Latch Name                                          ; Latch Enable Signal                 ; Free of Timing Hazards ;
+-----------------------------------------------------+-------------------------------------+------------------------+
; display_selector:inst6|out_led_1[3]                 ; VCC                                 ; yes                    ;
; display_selector:inst6|out_led_1[2]                 ; VCC                                 ; yes                    ;
; display_selector:inst6|out_led_1[1]                 ; VCC                                 ; yes                    ;
; display_selector:inst6|out_led_1[0]                 ; VCC                                 ; yes                    ;
; display_selector:inst6|out_led_2[3]                 ; VCC                                 ; yes                    ;
; display_selector:inst6|out_led_2[2]                 ; VCC                                 ; yes                    ;
; display_selector:inst6|out_led_2[1]                 ; VCC                                 ; yes                    ;
; display_selector:inst6|out_led_2[0]                 ; VCC                                 ; yes                    ;
; display_selector:inst6|out_led_3[3]                 ; display_selector:inst6|Equal0       ; yes                    ;
; display_selector:inst6|out_led_3[2]                 ; display_selector:inst6|Equal0       ; yes                    ;
; display_selector:inst6|out_led_3[1]                 ; display_selector:inst6|Equal0       ; yes                    ;
; display_selector:inst6|out_led_3[0]                 ; display_selector:inst6|Equal0       ; yes                    ;
; display_selector:inst6|out_led_4[3]                 ; VCC                                 ; yes                    ;
; display_selector:inst6|out_led_4[2]                 ; VCC                                 ; yes                    ;
; display_selector:inst6|out_led_4[1]                 ; VCC                                 ; yes                    ;
; display_selector:inst6|out_led_4[0]                 ; VCC                                 ; yes                    ;
; display_selector:inst6|out_led_5[3]                 ; VCC                                 ; yes                    ;
; display_selector:inst6|out_led_5[2]                 ; VCC                                 ; yes                    ;
; display_selector:inst6|out_led_5[1]                 ; VCC                                 ; yes                    ;
; display_selector:inst6|out_led_5[0]                 ; VCC                                 ; yes                    ;
; signals:inst5|s_out[6]                              ; GND                                 ; yes                    ;
; signals:inst5|s_out[5]                              ; GND                                 ; yes                    ;
; signals:inst5|s_out[4]                              ; GND                                 ; yes                    ;
; signals:inst5|s_out[3]                              ; GND                                 ; yes                    ;
; signals:inst5|s_out[2]                              ; GND                                 ; yes                    ;
; signals:inst5|s_out[1]                              ; GND                                 ; yes                    ;
; signals:inst5|s_out[0]                              ; GND                                 ; yes                    ;
; init_set:inst1|store_single_low[3]                  ; init_set:inst1|store_single_high[3] ; yes                    ;
; init_set:inst1|store_single_low[2]                  ; init_set:inst1|store_single_high[3] ; yes                    ;
; init_set:inst1|store_single_low[1]                  ; init_set:inst1|store_single_high[3] ; yes                    ;
; init_set:inst1|store_single_low[0]                  ; init_set:inst1|store_single_high[3] ; yes                    ;
; init_set:inst1|store_single_high[3]                 ; init_set:inst1|store_single_high[3] ; yes                    ;
; init_set:inst1|store_single_high[2]                 ; init_set:inst1|store_single_high[3] ; yes                    ;
; init_set:inst1|store_single_high[1]                 ; init_set:inst1|store_single_high[3] ; yes                    ;
; init_set:inst1|store_single_high[0]                 ; init_set:inst1|store_single_high[3] ; yes                    ;
; init_set:inst1|store_nums_low[3]                    ; init_set:inst1|store_single_high[3] ; yes                    ;
; init_set:inst1|store_nums_low[2]                    ; init_set:inst1|store_single_high[3] ; yes                    ;
; init_set:inst1|store_nums_low[1]                    ; init_set:inst1|store_single_high[3] ; yes                    ;
; init_set:inst1|store_nums_low[0]                    ; init_set:inst1|store_single_high[3] ; yes                    ;
; init_set:inst1|store_nums_high[3]                   ; init_set:inst1|store_single_high[3] ; yes                    ;
; init_set:inst1|store_nums_high[2]                   ; init_set:inst1|store_single_high[3] ; yes                    ;
; init_set:inst1|store_nums_high[1]                   ; init_set:inst1|store_single_high[3] ; yes                    ;
; init_set:inst1|store_nums_high[0]                   ; init_set:inst1|store_single_high[3] ; yes                    ;
; init_set:inst1|warn                                 ; init_set:inst1|process_0            ; yes                    ;
; init_set:inst1|set_single_low[3]                    ; init_set:inst1|set_single_low[2]    ; yes                    ;
; init_set:inst1|set_single_low[2]                    ; init_set:inst1|set_single_low[2]    ; yes                    ;
; init_set:inst1|set_single_low[1]                    ; init_set:inst1|set_single_low[2]    ; yes                    ;
; init_set:inst1|set_single_low[0]                    ; init_set:inst1|set_single_low[2]    ; yes                    ;
; init_set:inst1|set_single_high[3]                   ; init_set:inst1|set_single_low[2]    ; yes                    ;
; init_set:inst1|set_single_high[2]                   ; init_set:inst1|set_single_low[2]    ; yes                    ;
; init_set:inst1|set_single_high[1]                   ; init_set:inst1|set_single_low[2]    ; yes                    ;
; init_set:inst1|set_single_high[0]                   ; init_set:inst1|set_single_low[2]    ; yes                    ;
; init_set:inst1|set_nums_low[3]                      ; init_set:inst1|set_nums_low[2]      ; yes                    ;
; init_set:inst1|set_nums_low[2]                      ; init_set:inst1|set_nums_low[2]      ; yes                    ;
; init_set:inst1|set_nums_low[1]                      ; init_set:inst1|set_nums_low[2]      ; yes                    ;
; init_set:inst1|set_nums_low[0]                      ; init_set:inst1|set_nums_low[2]      ; yes                    ;
; init_set:inst1|set_nums_high[3]                     ; init_set:inst1|set_nums_low[2]      ; yes                    ;
; init_set:inst1|set_nums_high[2]                     ; init_set:inst1|set_nums_low[2]      ; yes                    ;
; init_set:inst1|set_nums_high[1]                     ; init_set:inst1|set_nums_low[2]      ; yes                    ;
; init_set:inst1|set_nums_high[0]                     ; init_set:inst1|set_nums_low[2]      ; yes                    ;
; Number of user-specified and inferred latches = 60  ;                                     ;                        ;
+-----------------------------------------------------+-------------------------------------+------------------------+
Note: All latches listed above may not be present at the end of synthesis due to various synthesis optimizations.


+--------------------------------------------------------------------------+
; Source assignments for total_pills:inst4|lpm_counter:now_total_max_rtl_0 ;
+---------------------------+-------+------+-------------------------------+
; Assignment                ; Value ; From ; To                            ;
+---------------------------+-------+------+-------------------------------+
; SUPPRESS_DA_RULE_INTERNAL ; a101  ; -    ; -                             ;
; SUPPRESS_DA_RULE_INTERNAL ; s102  ; -    ; -                             ;
; SUPPRESS_DA_RULE_INTERNAL ; s103  ; -    ; -                             ;
+---------------------------+-------+------+-------------------------------+


+----------------------------------------------------------------------------------------------------+
; Parameter Settings for Inferred Entity Instance: total_pills:inst4|lpm_counter:now_total_max_rtl_0 ;
+------------------------+-------------------+-------------------------------------------------------+
; Parameter Name         ; Value             ; Type                                                  ;
+------------------------+-------------------+-------------------------------------------------------+
; AUTO_CARRY_CHAINS      ; ON                ; AUTO_CARRY                                            ;
; IGNORE_CARRY_BUFFERS   ; OFF               ; IGNORE_CARRY                                          ;
; AUTO_CASCADE_CHAINS    ; ON                ; AUTO_CASCADE                                          ;
; IGNORE_CASCADE_BUFFERS ; OFF               ; IGNORE_CASCADE                                        ;
; LPM_WIDTH              ; 4                 ; Untyped                                               ;
; LPM_DIRECTION          ; UP                ; Untyped                                               ;
; LPM_MODULUS            ; 0                 ; Untyped                                               ;
; LPM_AVALUE             ; UNUSED            ; Untyped                                               ;
; LPM_SVALUE             ; UNUSED            ; Untyped                                               ;
; LPM_PORT_UPDOWN        ; PORT_CONNECTIVITY ; Untyped                                               ;
; DEVICE_FAMILY          ; MAX7000S          ; Untyped                                               ;
; CARRY_CHAIN            ; MANUAL            ; Untyped                                               ;
; CARRY_CHAIN_LENGTH     ; 48                ; CARRY_CHAIN_LENGTH                                    ;
; NOT_GATE_PUSH_BACK     ; ON                ; NOT_GATE_PUSH_BACK                                    ;
; CARRY_CNT_EN           ; SMART             ; Untyped                                               ;
; LABWIDE_SCLR           ; ON                ; Untyped                                               ;
; USE_NEW_VERSION        ; TRUE              ; Untyped                                               ;
; CBXI_PARAMETER         ; NOTHING           ; Untyped                                               ;
+------------------------+-------------------+-------------------------------------------------------+
Note: In order to hide this table in the UI and the text report file, please set the "Show Parameter Settings Tables in Synthesis Report" option in "Analysis and Synthesis Settings -> More Settings" to "Off".


+-------------------------------+
; Analysis & Synthesis Messages ;
+-------------------------------+
Info: *******************************************************************
Info: Running Quartus II Analysis & Synthesis
    Info: Version 9.1 Build 222 10/21/2009 SJ Full Version
    Info: Processing started: Fri Jun 02 15:36:14 2023
Info: Command: quartus_map --read_settings_files=on --write_settings_files=off pill_bottle -c pill_bottle
Info: Parallel compilation is enabled and will use 4 of the 4 processors detected
Info: Found 2 design units, including 1 entities, in source file signals.vhd
    Info: Found design unit 1: signals-rtl
    Info: Found entity 1: signals
Info: Found 2 design units, including 1 entities, in source file display_selector.vhd
    Info: Found design unit 1: display_selector-rtl
    Info: Found entity 1: display_selector
Info: Found 2 design units, including 1 entities, in source file init_set.vhd
    Info: Found design unit 1: init_set-rtl
    Info: Found entity 1: init_set
Info: Found 2 design units, including 1 entities, in source file total_pills.vhd
    Info: Found design unit 1: total_pills-rtl
    Info: Found entity 1: total_pills
Info: Found 2 design units, including 1 entities, in source file bottle_nums.vhd
    Info: Found design unit 1: bottle_nums-rtl
    Info: Found entity 1: bottle_nums
Info: Found 2 design units, including 1 entities, in source file single_bottle.vhd
    Info: Found design unit 1: single_bottle-rtl
    Info: Found entity 1: single_bottle
Info: Found 1 design units, including 1 entities, in source file pill_bottle.bdf
    Info: Found entity 1: pill_bottle
Info: Elaborating entity "pill_bottle" for the top level hierarchy
Info: Elaborating entity "display_selector" for hierarchy "display_selector:inst6"
Warning (10492): VHDL Process Statement warning at display_selector.vhd(43): signal "init_b_high" is read inside the Process Statement but isn't in the Process Statement's sensitivity list
Warning (10492): VHDL Process Statement warning at display_selector.vhd(44): signal "init_b_low" is read inside the Process Statement but isn't in the Process Statement's sensitivity list
Warning (10492): VHDL Process Statement warning at display_selector.vhd(46): signal "init_single_high" is read inside the Process Statement but isn't in the Process Statement's sensitivity list
Warning (10492): VHDL Process Statement warning at display_selector.vhd(47): signal "init_single_low" is read inside the Process Statement but isn't in the Process Statement's sensitivity list
Warning (10492): VHDL Process Statement warning at display_selector.vhd(52): signal "single_high" is read inside the Process Statement but isn't in the Process Statement's sensitivity list
Warning (10492): VHDL Process Statement warning at display_selector.vhd(53): signal "single_low" is read inside the Process Statement but isn't in the Process Statement's sensitivity list
Warning (10492): VHDL Process Statement warning at display_selector.vhd(58): signal "bottles_high" is read inside the Process Statement but isn't in the Process Statement's sensitivity list
Warning (10492): VHDL Process Statement warning at display_selector.vhd(59): signal "bottles_low" is read inside the Process Statement but isn't in the Process Statement's sensitivity list
Warning (10492): VHDL Process Statement warning at display_selector.vhd(62): signal "total_max" is read inside the Process Statement but isn't in the Process Statement's sensitivity list
Warning (10492): VHDL Process Statement warning at display_selector.vhd(63): signal "total_high" is read inside the Process Statement but isn't in the Process Statement's sensitivity list
Warning (10492): VHDL Process Statement warning at display_selector.vhd(64): signal "total_medium" is read inside the Process Statement but isn't in the Process Statement's sensitivity list
Warning (10492): VHDL Process Statement warning at display_selector.vhd(65): signal "total_low" is read inside the Process Statement but isn't in the Process Statement's sensitivity list
Warning (10631): VHDL Process Statement warning at display_selector.vhd(33): inferring latch(es) for signal or variable "out_led_5", which holds its previous value in one or more paths through the process
Warning (10631): VHDL Process Statement warning at display_selector.vhd(33): inferring latch(es) for signal or variable "out_led_4", which holds its previous value in one or more paths through the process
Warning (10631): VHDL Process Statement warning at display_selector.vhd(33): inferring latch(es) for signal or variable "out_led_3", which holds its previous value in one or more paths through the process
Warning (10631): VHDL Process Statement warning at display_selector.vhd(33): inferring latch(es) for signal or variable "out_led_2", which holds its previous value in one or more paths through the process
Warning (10631): VHDL Process Statement warning at display_selector.vhd(33): inferring latch(es) for signal or variable "out_led_1", which holds its previous value in one or more paths through the process
Info (10041): Inferred latch for "out_led_1[0]" at display_selector.vhd(33)
Info (10041): Inferred latch for "out_led_1[1]" at display_selector.vhd(33)
Info (10041): Inferred latch for "out_led_1[2]" at display_selector.vhd(33)
Info (10041): Inferred latch for "out_led_1[3]" at display_selector.vhd(33)
Info (10041): Inferred latch for "out_led_2[0]" at display_selector.vhd(33)
Info (10041): Inferred latch for "out_led_2[1]" at display_selector.vhd(33)
Info (10041): Inferred latch for "out_led_2[2]" at display_selector.vhd(33)
Info (10041): Inferred latch for "out_led_2[3]" at display_selector.vhd(33)
Info (10041): Inferred latch for "out_led_3[0]" at display_selector.vhd(33)
Info (10041): Inferred latch for "out_led_3[1]" at display_selector.vhd(33)
Info (10041): Inferred latch for "out_led_3[2]" at display_selector.vhd(33)
Info (10041): Inferred latch for "out_led_3[3]" at display_selector.vhd(33)
Info (10041): Inferred latch for "out_led_4[0]" at display_selector.vhd(33)
Info (10041): Inferred latch for "out_led_4[1]" at display_selector.vhd(33)
Info (10041): Inferred latch for "out_led_4[2]" at display_selector.vhd(33)
Info (10041): Inferred latch for "out_led_4[3]" at display_selector.vhd(33)
Info (10041): Inferred latch for "out_led_5[0]" at display_selector.vhd(33)
Info (10041): Inferred latch for "out_led_5[1]" at display_selector.vhd(33)
Info (10041): Inferred latch for "out_led_5[2]" at display_selector.vhd(33)
Info (10041): Inferred latch for "out_led_5[3]" at display_selector.vhd(33)
Info: Elaborating entity "init_set" for hierarchy "init_set:inst1"
Warning (10492): VHDL Process Statement warning at init_set.vhd(46): signal "in_high" is read inside the Process Statement but isn't in the Process Statement's sensitivity list
Warning (10492): VHDL Process Statement warning at init_set.vhd(46): signal "in_low" is read inside the Process Statement but isn't in the Process Statement's sensitivity list
Warning (10492): VHDL Process Statement warning at init_set.vhd(50): signal "in_high" is read inside the Process Statement but isn't in the Process Statement's sensitivity list
Warning (10492): VHDL Process Statement warning at init_set.vhd(54): signal "in_low" is read inside the Process Statement but isn't in the Process Statement's sensitivity list
Warning (10492): VHDL Process Statement warning at init_set.vhd(55): signal "in_high" is read inside the Process Statement but isn't in the Process Statement's sensitivity list
Warning (10492): VHDL Process Statement warning at init_set.vhd(59): signal "in_high" is read inside the Process Statement but isn't in the Process Statement's sensitivity list
Warning (10492): VHDL Process Statement warning at init_set.vhd(60): signal "in_low" is read inside the Process Statement but isn't in the Process Statement's sensitivity list
Warning (10492): VHDL Process Statement warning at init_set.vhd(64): signal "in_high" is read inside the Process Statement but isn't in the Process Statement's sensitivity list
Warning (10492): VHDL Process Statement warning at init_set.vhd(64): signal "in_low" is read inside the Process Statement but isn't in the Process Statement's sensitivity list
Warning (10492): VHDL Process Statement warning at init_set.vhd(68): signal "in_high" is read inside the Process Statement but isn't in the Process Statement's sensitivity list
Warning (10492): VHDL Process Statement warning at init_set.vhd(72): signal "in_low" is read inside the Process Statement but isn't in the Process Statement's sensitivity list
Warning (10492): VHDL Process Statement warning at init_set.vhd(73): signal "in_high" is read inside the Process Statement but isn't in the Process Statement's sensitivity list
Warning (10492): VHDL Process Statement warning at init_set.vhd(77): signal "in_high" is read inside the Process Statement but isn't in the Process Statement's sensitivity list
Warning (10492): VHDL Process Statement warning at init_set.vhd(78): signal "in_low" is read inside the Process Statement but isn't in the Process Statement's sensitivity list
Warning (10631): VHDL Process Statement warning at init_set.vhd(34): inferring latch(es) for signal or variable "set_single_high", which holds its previous value in one or more paths through the process
Warning (10631): VHDL Process Statement warning at init_set.vhd(34): inferring latch(es) for signal or variable "set_single_low", which holds its previous value in one or more paths through the process
Warning (10631): VHDL Process Statement warning at init_set.vhd(34): inferring latch(es) for signal or variable "set_nums_high", which holds its previous value in one or more paths through the process
Warning (10631): VHDL Process Statement warning at init_set.vhd(34): inferring latch(es) for signal or variable "set_nums_low", which holds its previous value in one or more paths through the process
Warning (10631): VHDL Process Statement warning at init_set.vhd(34): inferring latch(es) for signal or variable "warn", which holds its previous value in one or more paths through the process
Warning (10492): VHDL Process Statement warning at init_set.vhd(94): signal "set_single_high" is read inside the Process Statement but isn't in the Process Statement's sensitivity list
Warning (10492): VHDL Process Statement warning at init_set.vhd(95): signal "set_single_low" is read inside the Process Statement but isn't in the Process Statement's sensitivity list
Warning (10492): VHDL Process Statement warning at init_set.vhd(96): signal "set_nums_high" is read inside the Process Statement but isn't in the Process Statement's sensitivity list
Warning (10492): VHDL Process Statement warning at init_set.vhd(97): signal "set_nums_low" is read inside the Process Statement but isn't in the Process Statement's sensitivity list
Warning (10492): VHDL Process Statement warning at init_set.vhd(104): signal "clr" is read inside the Process Statement but isn't in the Process Statement's sensitivity list
Warning (10492): VHDL Process Statement warning at init_set.vhd(105): signal "set_single_high" is read inside the Process Statement but isn't in the Process Statement's sensitivity list
Warning (10492): VHDL Process Statement warning at init_set.vhd(106): signal "set_single_low" is read inside the Process Statement but isn't in the Process Statement's sensitivity list
Warning (10492): VHDL Process Statement warning at init_set.vhd(107): signal "set_nums_high" is read inside the Process Statement but isn't in the Process Statement's sensitivity list
Warning (10492): VHDL Process Statement warning at init_set.vhd(108): signal "set_nums_low" is read inside the Process Statement but isn't in the Process Statement's sensitivity list
Warning (10631): VHDL Process Statement warning at init_set.vhd(86): inferring latch(es) for signal or variable "store_single_high", which holds its previous value in one or more paths through the process
Warning (10631): VHDL Process Statement warning at init_set.vhd(86): inferring latch(es) for signal or variable "store_single_low", which holds its previous value in one or more paths through the process
Warning (10631): VHDL Process Statement warning at init_set.vhd(86): inferring latch(es) for signal or variable "store_nums_high", which holds its previous value in one or more paths through the process
Warning (10631): VHDL Process Statement warning at init_set.vhd(86): inferring latch(es) for signal or variable "store_nums_low", which holds its previous value in one or more paths through the process
Info (10041): Inferred latch for "store_nums_low[0]" at init_set.vhd(86)
Info (10041): Inferred latch for "store_nums_low[1]" at init_set.vhd(86)
Info (10041): Inferred latch for "store_nums_low[2]" at init_set.vhd(86)
Info (10041): Inferred latch for "store_nums_low[3]" at init_set.vhd(86)
Info (10041): Inferred latch for "store_nums_high[0]" at init_set.vhd(86)
Info (10041): Inferred latch for "store_nums_high[1]" at init_set.vhd(86)
Info (10041): Inferred latch for "store_nums_high[2]" at init_set.vhd(86)
Info (10041): Inferred latch for "store_nums_high[3]" at init_set.vhd(86)
Info (10041): Inferred latch for "store_single_low[0]" at init_set.vhd(86)
Info (10041): Inferred latch for "store_single_low[1]" at init_set.vhd(86)
Info (10041): Inferred latch for "store_single_low[2]" at init_set.vhd(86)
Info (10041): Inferred latch for "store_single_low[3]" at init_set.vhd(86)
Info (10041): Inferred latch for "store_single_high[0]" at init_set.vhd(86)
Info (10041): Inferred latch for "store_single_high[1]" at init_set.vhd(86)
Info (10041): Inferred latch for "store_single_high[2]" at init_set.vhd(86)
Info (10041): Inferred latch for "store_single_high[3]" at init_set.vhd(86)
Info (10041): Inferred latch for "warn" at init_set.vhd(34)
Info (10041): Inferred latch for "set_nums_low[0]" at init_set.vhd(34)
Info (10041): Inferred latch for "set_nums_low[1]" at init_set.vhd(34)
Info (10041): Inferred latch for "set_nums_low[2]" at init_set.vhd(34)
Info (10041): Inferred latch for "set_nums_low[3]" at init_set.vhd(34)
Info (10041): Inferred latch for "set_nums_high[0]" at init_set.vhd(34)
Info (10041): Inferred latch for "set_nums_high[1]" at init_set.vhd(34)
Info (10041): Inferred latch for "set_nums_high[2]" at init_set.vhd(34)
Info (10041): Inferred latch for "set_nums_high[3]" at init_set.vhd(34)
Info (10041): Inferred latch for "set_single_low[0]" at init_set.vhd(34)
Info (10041): Inferred latch for "set_single_low[1]" at init_set.vhd(34)
Info (10041): Inferred latch for "set_single_low[2]" at init_set.vhd(34)
Info (10041): Inferred latch for "set_single_low[3]" at init_set.vhd(34)
Info (10041): Inferred latch for "set_single_high[0]" at init_set.vhd(34)
Info (10041): Inferred latch for "set_single_high[1]" at init_set.vhd(34)
Info (10041): Inferred latch for "set_single_high[2]" at init_set.vhd(34)
Info (10041): Inferred latch for "set_single_high[3]" at init_set.vhd(34)
Info: Elaborating entity "bottle_nums" for hierarchy "bottle_nums:inst"
Warning (10492): VHDL Process Statement warning at bottle_nums.vhd(32): signal "now_nums_high" is read inside the Process Statement but isn't in the Process Statement's sensitivity list
Warning (10492): VHDL Process Statement warning at bottle_nums.vhd(32): signal "input_high" is read inside the Process Statement but isn't in the Process Statement's sensitivity list
Warning (10492): VHDL Process Statement warning at bottle_nums.vhd(32): signal "now_nums_low" is read inside the Process Statement but isn't in the Process Statement's sensitivity list
Warning (10492): VHDL Process Statement warning at bottle_nums.vhd(32): signal "input_low" is read inside the Process Statement but isn't in the Process Statement's sensitivity list
Info: Elaborating entity "single_bottle" for hierarchy "single_bottle:inst3"
Warning (10492): VHDL Process Statement warning at single_bottle.vhd(35): signal "is_full" is read inside the Process Statement but isn't in the Process Statement's sensitivity list
Warning (10492): VHDL Process Statement warning at single_bottle.vhd(50): signal "now_pills_high" is read inside the Process Statement but isn't in the Process Statement's sensitivity list
Warning (10492): VHDL Process Statement warning at single_bottle.vhd(50): signal "input1_high" is read inside the Process Statement but isn't in the Process Statement's sensitivity list
Warning (10492): VHDL Process Statement warning at single_bottle.vhd(50): signal "now_pills_low" is read inside the Process Statement but isn't in the Process Statement's sensitivity list
Warning (10492): VHDL Process Statement warning at single_bottle.vhd(50): signal "input1_low" is read inside the Process Statement but isn't in the Process Statement's sensitivity list
Info: Elaborating entity "total_pills" for hierarchy "total_pills:inst4"
Warning (10492): VHDL Process Statement warning at total_pills.vhd(33): signal "is_full" is read inside the Process Statement but isn't in the Process Statement's sensitivity list
Warning (10492): VHDL Process Statement warning at total_pills.vhd(52): signal "now_total_low" is read inside the Process Statement but isn't in the Process Statement's sensitivity list
Warning (10492): VHDL Process Statement warning at total_pills.vhd(53): signal "now_total_medium" is read inside the Process Statement but isn't in the Process Statement's sensitivity list
Warning (10492): VHDL Process Statement warning at total_pills.vhd(54): signal "now_total_high" is read inside the Process Statement but isn't in the Process Statement's sensitivity list
Warning (10492): VHDL Process Statement warning at total_pills.vhd(55): signal "now_total_max" is read inside the Process Statement but isn't in the Process Statement's sensitivity list
Warning (10492): VHDL Process Statement warning at total_pills.vhd(58): signal "now_total_low" is read inside the Process Statement but isn't in the Process Statement's sensitivity list
Warning (10492): VHDL Process Statement warning at total_pills.vhd(59): signal "now_total_medium" is read inside the Process Statement but isn't in the Process Statement's sensitivity list
Warning (10492): VHDL Process Statement warning at total_pills.vhd(60): signal "now_total_high" is read inside the Process Statement but isn't in the Process Statement's sensitivity list
Warning (10492): VHDL Process Statement warning at total_pills.vhd(61): signal "now_total_max" is read inside the Process Statement but isn't in the Process Statement's sensitivity list
Info: Elaborating entity "signals" for hierarchy "signals:inst5"
Warning (10631): VHDL Process Statement warning at signals.vhd(17): inferring latch(es) for signal or variable "s_out", which holds its previous value in one or more paths through the process
Info (10041): Inferred latch for "s_out[0]" at signals.vhd(17)
Info (10041): Inferred latch for "s_out[1]" at signals.vhd(17)
Info (10041): Inferred latch for "s_out[2]" at signals.vhd(17)
Info (10041): Inferred latch for "s_out[3]" at signals.vhd(17)
Info (10041): Inferred latch for "s_out[4]" at signals.vhd(17)
Info (10041): Inferred latch for "s_out[5]" at signals.vhd(17)
Info (10041): Inferred latch for "s_out[6]" at signals.vhd(17)
Info: Inferred 1 megafunctions from design logic
    Info: Inferred lpm_counter megafunction (LPM_WIDTH=4) from the following logic: "total_pills:inst4|now_total_max[0]~0"
Info: Elaborated megafunction instantiation "total_pills:inst4|lpm_counter:now_total_max_rtl_0"
Info: Instantiated megafunction "total_pills:inst4|lpm_counter:now_total_max_rtl_0" with the following parameter:
    Info: Parameter "LPM_WIDTH" = "4"
    Info: Parameter "LPM_DIRECTION" = "UP"
    Info: Parameter "LPM_TYPE" = "LPM_COUNTER"
Info: Implemented 193 device resources after synthesis - the final resource count might be different
    Info: Implemented 15 input pins
    Info: Implemented 27 output pins
    Info: Implemented 125 macrocells
    Info: Implemented 26 shareable expanders
Info: Quartus II Analysis & Synthesis was successful. 0 errors, 68 warnings
    Info: Peak virtual memory: 233 megabytes
    Info: Processing ended: Fri Jun 02 15:36:16 2023
    Info: Elapsed time: 00:00:02
    Info: Total CPU time (on all processors): 00:00:02


